\BOOKMARK [0][-]{chapter*.1}{\376\377\000C\000E\000R\000T\000I\000F\000I\000C\000A\000T\000E}{}% 1
\BOOKMARK [0][-]{chapter*.2}{\376\377\000S\000T\000U\000D\000E\000N\000T\000\040\000D\000E\000C\000L\000A\000R\000A\000T\000I\000O\000N}{}% 2
\BOOKMARK [0][-]{chapter*.3}{\376\377\000A\000C\000K\000N\000O\000W\000L\000E\000D\000G\000E\000M\000E\000N\000T\000S}{}% 3
\BOOKMARK [0][-]{chapter*.4}{\376\377\000A\000B\000S\000T\000R\000A\000C\000T}{}% 4
\BOOKMARK [0][-]{section*.6}{\376\377\000L\000I\000S\000T\000\040\000O\000F\000\040\000F\000I\000G\000U\000R\000E\000S}{}% 5
\BOOKMARK [0][-]{section*.8}{\376\377\000L\000I\000S\000T\000\040\000O\000F\000\040\000T\000A\000B\000L\000E\000S}{}% 6
\BOOKMARK [0][-]{chapter*.10}{\376\377\000A\000B\000B\000R\000E\000V\000I\000A\000T\000I\000O\000N\000S\000\040\000A\000N\000D\000\040\000N\000O\000T\000A\000T\000I\000O\000N\000S}{}% 7
\BOOKMARK [0][-]{chapter.1}{\376\377\000I\000N\000T\000R\000O\000D\000U\000C\000T\000I\000O\000N}{}% 8
\BOOKMARK [1][-]{section.1.1}{\376\377\000O\000v\000e\000r\000v\000i\000e\000w}{chapter.1}% 9
\BOOKMARK [1][-]{section.1.2}{\376\377\000M\000o\000t\000i\000v\000a\000t\000i\000o\000n}{chapter.1}% 10
\BOOKMARK [1][-]{section.1.3}{\376\377\000P\000r\000o\000b\000l\000e\000m\000\040\000S\000t\000a\000t\000e\000m\000e\000n\000t}{chapter.1}% 11
\BOOKMARK [1][-]{section.1.4}{\376\377\000O\000b\000j\000e\000c\000t\000i\000v\000e\000s}{chapter.1}% 12
\BOOKMARK [1][-]{section.1.5}{\376\377\000S\000c\000o\000p\000e\000\040\000o\000f\000\040\000t\000h\000e\000\040\000P\000r\000o\000j\000e\000c\000t}{chapter.1}% 13
\BOOKMARK [1][-]{section.1.6}{\376\377\000M\000a\000j\000o\000r\000\040\000C\000o\000n\000t\000r\000i\000b\000u\000t\000i\000o\000n\000s}{chapter.1}% 14
\BOOKMARK [1][-]{section.1.7}{\376\377\000R\000e\000p\000o\000r\000t\000\040\000O\000r\000g\000a\000n\000i\000z\000a\000t\000i\000o\000n}{chapter.1}% 15
\BOOKMARK [0][-]{chapter.2}{\376\377\000L\000I\000T\000E\000R\000A\000T\000U\000R\000E\000\040\000R\000E\000V\000I\000E\000W}{}% 16
\BOOKMARK [1][-]{section.2.1}{\376\377\000S\000c\000o\000p\000e\000\040\000o\000f\000\040\000t\000h\000e\000\040\000R\000e\000v\000i\000e\000w}{chapter.2}% 17
\BOOKMARK [1][-]{section.2.2}{\376\377\000E\000x\000p\000a\000n\000d\000e\000d\000\040\000P\000a\000p\000e\000r\000\040\000S\000u\000m\000m\000a\000r\000i\000e\000s}{chapter.2}% 18
\BOOKMARK [2][-]{subsection.2.2.1}{\376\377\000V\000i\000s\000i\000o\000n\000\040\000a\000n\000d\000\040\000O\000b\000j\000e\000c\000t\000\040\000D\000e\000t\000e\000c\000t\000i\000o\000n}{section.2.2}% 19
\BOOKMARK [3][-]{subsubsection.2.2.1.1}{\376\377\000I\000n\000d\000i\000a\000n\000F\000o\000o\000d\000N\000e\000t}{subsection.2.2.1}% 20
\BOOKMARK [3][-]{subsubsection.2.2.1.2}{\376\377\000K\000h\000a\000n\000a\000\040\000D\000a\000t\000a\000s\000e\000t}{subsection.2.2.1}% 21
\BOOKMARK [3][-]{subsubsection.2.2.1.3}{\376\377\000E\000n\000h\000a\000n\000c\000e\000d\000\040\000F\000o\000o\000d\000\040\000I\000m\000a\000g\000e\000\040\000R\000e\000c\000o\000g\000n\000i\000t\000i\000o\000n}{subsection.2.2.1}% 22
\BOOKMARK [3][-]{subsubsection.2.2.1.4}{\376\377\000S\000i\000n\000g\000l\000e\000-\000i\000t\000e\000m\000\040\000T\000r\000a\000i\000n\000i\000n\000g\000\040\000f\000o\000r\000\040\000M\000u\000l\000t\000i\000-\000d\000i\000s\000h\000\040\000R\000e\000c\000o\000g\000n\000i\000t\000i\000o\000n}{subsection.2.2.1}% 23
\BOOKMARK [3][-]{subsubsection.2.2.1.5}{\376\377\000L\000i\000g\000h\000t\000w\000e\000i\000g\000h\000t\000\040\000a\000n\000d\000\040\000P\000a\000r\000a\000m\000e\000t\000e\000r\000-\000O\000p\000t\000i\000m\000i\000z\000e\000d\000\040\000C\000N\000N}{subsection.2.2.1}% 24
\BOOKMARK [3][-]{subsubsection.2.2.1.6}{\376\377\000W\000h\000a\000t\000\040\000i\000s\000\040\000i\000n\000\040\000a\000n\000\040\000I\000n\000d\000i\000a\000n\000\040\000T\000h\000a\000l\000i\000?}{subsection.2.2.1}% 25
\BOOKMARK [2][-]{subsection.2.2.2}{\376\377\000N\000u\000t\000r\000i\000t\000i\000o\000n\000\040\000D\000a\000t\000a\000b\000a\000s\000e\000s\000\040\000a\000n\000d\000\040\000S\000e\000m\000a\000n\000t\000i\000c\000\040\000M\000a\000p\000p\000i\000n\000g}{section.2.2}% 26
\BOOKMARK [3][-]{subsubsection.2.2.2.1}{\376\377\000D\000e\000v\000e\000l\000o\000p\000m\000e\000n\000t\000\040\000o\000f\000\040\000I\000N\000D\000B}{subsection.2.2.2}% 27
\BOOKMARK [3][-]{subsubsection.2.2.2.2}{\376\377\000I\000n\000d\000i\000a\000n\000\040\000F\000o\000o\000d\000\040\000C\000o\000m\000p\000o\000s\000i\000t\000i\000o\000n\000\040\000T\000a\000b\000l\000e\000s}{subsection.2.2.2}% 28
\BOOKMARK [3][-]{subsubsection.2.2.2.3}{\376\377\000S\000y\000n\000e\000r\000g\000i\000s\000t\000i\000c\000\040\000F\000r\000a\000m\000e\000w\000o\000r\000k\000s\000\040\000f\000o\000r\000\040\000I\000n\000d\000i\000a\000n\000\040\000F\000o\000o\000d\000\040\000C\000o\000m\000p\000u\000t\000i\000n\000g}{subsection.2.2.2}% 29
\BOOKMARK [3][-]{subsubsection.2.2.2.4}{\376\377\000N\000u\000t\000r\000i\000t\000i\000o\000n\000\040\000I\000n\000f\000o\000r\000m\000a\000t\000i\000o\000n\000\040\000E\000s\000t\000i\000m\000a\000t\000i\000o\000n\000\040\000f\000r\000o\000m\000\040\000F\000o\000o\000d\000\040\000P\000h\000o\000t\000o\000s}{subsection.2.2.2}% 30
\BOOKMARK [3][-]{subsubsection.2.2.2.5}{\376\377\000L\000a\000b\000e\000l\000\040\000A\000I}{subsection.2.2.2}% 31
\BOOKMARK [2][-]{subsection.2.2.3}{\376\377\000R\000e\000c\000o\000m\000m\000e\000n\000d\000a\000t\000i\000o\000n\000s\000,\000\040\000L\000L\000M\000s\000,\000\040\000a\000n\000d\000\040\000S\000y\000s\000t\000e\000m\000\040\000I\000n\000t\000e\000g\000r\000a\000t\000i\000o\000n}{section.2.2}% 32
\BOOKMARK [3][-]{subsubsection.2.2.3.1}{\376\377\000D\000i\000e\000t\000\040\000E\000n\000g\000i\000n\000e}{subsection.2.2.3}% 33
\BOOKMARK [3][-]{subsubsection.2.2.3.2}{\376\377\000A\000I\000-\000d\000r\000i\000v\000e\000n\000\040\000P\000e\000r\000s\000o\000n\000a\000l\000i\000z\000e\000d\000\040\000M\000e\000a\000l\000\040\000P\000l\000a\000n\000n\000i\000n\000g}{subsection.2.2.3}% 34
\BOOKMARK [3][-]{subsubsection.2.2.3.3}{\376\377\000N\000u\000t\000r\000i\000G\000e\000n}{subsection.2.2.3}% 35
\BOOKMARK [3][-]{subsubsection.2.2.3.4}{\376\377\000L\000L\000M\000s\000\040\000a\000n\000d\000\040\000C\000o\000m\000p\000u\000t\000e\000r\000\040\000V\000i\000s\000i\000o\000n\000\040\000f\000o\000r\000\040\000P\000e\000r\000s\000o\000n\000a\000l\000i\000z\000e\000d\000\040\000N\000u\000t\000r\000i\000t\000i\000o\000n\000\040\000A\000d\000v\000i\000c\000e}{subsection.2.2.3}% 36
\BOOKMARK [3][-]{subsubsection.2.2.3.5}{\376\377\000A\000I\000-\000B\000a\000s\000e\000d\000\040\000N\000u\000t\000r\000i\000t\000i\000o\000n\000\040\000R\000e\000c\000o\000m\000m\000e\000n\000d\000a\000t\000i\000o\000n\000\040\000S\000y\000s\000t\000e\000m}{subsection.2.2.3}% 37
\BOOKMARK [3][-]{subsubsection.2.2.3.6}{\376\377\000E\000v\000a\000l\000u\000a\000t\000i\000o\000n\000\040\000o\000f\000\040\000C\000h\000a\000t\000G\000P\000T\000\040\000f\000o\000r\000\040\000N\000u\000t\000r\000i\000e\000n\000t\000\040\000E\000s\000t\000i\000m\000a\000t\000i\000o\000n}{subsection.2.2.3}% 38
\BOOKMARK [3][-]{subsubsection.2.2.3.7}{\376\377\000V\000i\000s\000u\000a\000l\000\040\000N\000u\000t\000r\000i\000t\000i\000o\000n\000\040\000A\000n\000a\000l\000y\000s\000i\000s}{subsection.2.2.3}% 39
\BOOKMARK [1][-]{section.2.3}{\376\377\000C\000o\000m\000p\000a\000r\000a\000t\000i\000v\000e\000\040\000S\000u\000m\000m\000a\000r\000y}{chapter.2}% 40
\BOOKMARK [1][-]{section.2.4}{\376\377\000R\000e\000s\000e\000a\000r\000c\000h\000\040\000G\000a\000p}{chapter.2}% 41
\BOOKMARK [0][-]{chapter.3}{\376\377\000M\000E\000T\000H\000O\000D\000O\000L\000O\000G\000Y}{}% 42
\BOOKMARK [1][-]{section.3.1}{\376\377\000M\000e\000t\000h\000o\000d\000o\000l\000o\000g\000i\000c\000a\000l\000\040\000O\000v\000e\000r\000v\000i\000e\000w}{chapter.3}% 43
\BOOKMARK [1][-]{section.3.2}{\376\377\000Y\000O\000L\000O\000\040\000D\000e\000t\000e\000c\000t\000i\000o\000n\000\040\000A\000p\000p\000r\000o\000a\000c\000h}{chapter.3}% 44
\BOOKMARK [1][-]{section.3.3}{\376\377\000S\000o\000u\000r\000c\000e\000\040\000D\000a\000t\000a\000s\000e\000t\000\040\000C\000o\000l\000l\000e\000c\000t\000i\000o\000n}{chapter.3}% 45
\BOOKMARK [1][-]{section.3.4}{\376\377\000C\000a\000n\000o\000n\000i\000c\000a\000l\000\040\000C\000l\000a\000s\000s\000\040\000N\000o\000r\000m\000a\000l\000i\000z\000a\000t\000i\000o\000n}{chapter.3}% 46
\BOOKMARK [1][-]{section.3.5}{\376\377\000Y\000O\000L\000O\000\040\000L\000a\000b\000e\000l\000\040\000R\000e\000p\000r\000e\000s\000e\000n\000t\000a\000t\000i\000o\000n}{chapter.3}% 47
\BOOKMARK [1][-]{section.3.6}{\376\377\000D\000a\000t\000a\000s\000e\000t\000\040\000S\000p\000l\000i\000t\000t\000i\000n\000g\000\040\000a\000n\000d\000\040\000A\000u\000g\000m\000e\000n\000t\000a\000t\000i\000o\000n}{chapter.3}% 48
\BOOKMARK [1][-]{section.3.7}{\376\377\000N\000u\000t\000r\000i\000t\000i\000o\000n\000\040\000D\000a\000t\000a\000b\000a\000s\000e\000\040\000M\000e\000t\000h\000o\000d\000o\000l\000o\000g\000y}{chapter.3}% 49
\BOOKMARK [1][-]{section.3.8}{\376\377\000N\000u\000t\000r\000i\000t\000i\000o\000n\000\040\000M\000a\000p\000p\000i\000n\000g\000\040\000M\000e\000t\000h\000o\000d\000o\000l\000o\000g\000y}{chapter.3}% 50
\BOOKMARK [1][-]{section.3.9}{\376\377\000M\000a\000c\000r\000o\000\040\000C\000a\000l\000c\000u\000l\000a\000t\000i\000o\000n\000\040\000M\000e\000t\000h\000o\000d\000o\000l\000o\000g\000y}{chapter.3}% 51
\BOOKMARK [1][-]{section.3.10}{\376\377\000V\000a\000l\000i\000d\000a\000t\000i\000o\000n\000\040\000M\000e\000t\000h\000o\000d\000o\000l\000o\000g\000y}{chapter.3}% 52
\BOOKMARK [0][-]{chapter.4}{\376\377\000S\000Y\000S\000T\000E\000M\000\040\000D\000E\000S\000I\000G\000N}{}% 53
\BOOKMARK [1][-]{section.4.1}{\376\377\000D\000e\000s\000i\000g\000n\000\040\000G\000o\000a\000l\000s}{chapter.4}% 54
\BOOKMARK [1][-]{section.4.2}{\376\377\000H\000i\000g\000h\000-\000L\000e\000v\000e\000l\000\040\000A\000r\000c\000h\000i\000t\000e\000c\000t\000u\000r\000e}{chapter.4}% 55
\BOOKMARK [1][-]{section.4.3}{\376\377\000R\000u\000n\000t\000i\000m\000e\000\040\000D\000a\000t\000a\000\040\000F\000l\000o\000w}{chapter.4}% 56
\BOOKMARK [1][-]{section.4.4}{\376\377\000B\000a\000c\000k\000e\000n\000d\000\040\000D\000e\000s\000i\000g\000n}{chapter.4}% 57
\BOOKMARK [1][-]{section.4.5}{\376\377\000F\000r\000o\000n\000t\000e\000n\000d\000\040\000D\000e\000s\000i\000g\000n}{chapter.4}% 58
\BOOKMARK [1][-]{section.4.6}{\376\377\000D\000a\000t\000a\000b\000a\000s\000e\000\040\000D\000e\000s\000i\000g\000n}{chapter.4}% 59
\BOOKMARK [1][-]{section.4.7}{\376\377\000A\000P\000I\000\040\000D\000e\000s\000i\000g\000n}{chapter.4}% 60
\BOOKMARK [1][-]{section.4.8}{\376\377\000S\000e\000c\000u\000r\000i\000t\000y\000\040\000a\000n\000d\000\040\000V\000a\000l\000i\000d\000a\000t\000i\000o\000n\000\040\000D\000e\000s\000i\000g\000n}{chapter.4}% 61
\BOOKMARK [1][-]{section.4.9}{\376\377\000D\000e\000s\000i\000g\000n\000\040\000T\000r\000a\000d\000e\000-\000O\000f\000f\000s}{chapter.4}% 62
\BOOKMARK [0][-]{chapter.5}{\376\377\000I\000M\000P\000L\000E\000M\000E\000N\000T\000A\000T\000I\000O\000N}{}% 63
\BOOKMARK [1][-]{section.5.1}{\376\377\000D\000e\000v\000e\000l\000o\000p\000m\000e\000n\000t\000\040\000E\000n\000v\000i\000r\000o\000n\000m\000e\000n\000t}{chapter.5}% 64
\BOOKMARK [1][-]{section.5.2}{\376\377\000D\000a\000t\000a\000s\000e\000t\000\040\000B\000u\000i\000l\000d\000\040\000S\000c\000r\000i\000p\000t}{chapter.5}% 65
\BOOKMARK [1][-]{section.5.3}{\376\377\000F\000i\000n\000a\000l\000\040\000Y\000O\000L\000O\000\040\000T\000r\000a\000i\000n\000i\000n\000g\000\040\000N\000o\000t\000e\000b\000o\000o\000k}{chapter.5}% 66
\BOOKMARK [1][-]{section.5.4}{\376\377\000V\000i\000s\000u\000a\000l\000\040\000C\000l\000a\000s\000s\000\040\000V\000e\000r\000i\000f\000i\000c\000a\000t\000i\000o\000n\000\040\000I\000m\000p\000l\000e\000m\000e\000n\000t\000a\000t\000i\000o\000n}{chapter.5}% 67
\BOOKMARK [1][-]{section.5.5}{\376\377\000N\000u\000t\000r\000i\000t\000i\000o\000n\000\040\000D\000a\000t\000a\000b\000a\000s\000e\000\040\000B\000u\000i\000l\000d\000\040\000I\000m\000p\000l\000e\000m\000e\000n\000t\000a\000t\000i\000o\000n}{chapter.5}% 68
\BOOKMARK [1][-]{section.5.6}{\376\377\000V\000i\000s\000i\000o\000n\000\040\000S\000e\000r\000v\000i\000c\000e\000\040\000I\000m\000p\000l\000e\000m\000e\000n\000t\000a\000t\000i\000o\000n}{chapter.5}% 69
\BOOKMARK [1][-]{section.5.7}{\376\377\000N\000u\000t\000r\000i\000t\000i\000o\000n\000\040\000S\000e\000r\000v\000i\000c\000e\000\040\000I\000m\000p\000l\000e\000m\000e\000n\000t\000a\000t\000i\000o\000n}{chapter.5}% 70
\BOOKMARK [1][-]{section.5.8}{\376\377\000R\000e\000c\000o\000m\000m\000e\000n\000d\000a\000t\000i\000o\000n\000\040\000a\000n\000d\000\040\000M\000a\000c\000r\000o\000\040\000I\000m\000p\000l\000e\000m\000e\000n\000t\000a\000t\000i\000o\000n}{chapter.5}% 71
\BOOKMARK [1][-]{section.5.9}{\376\377\000F\000r\000o\000n\000t\000e\000n\000d\000\040\000I\000m\000p\000l\000e\000m\000e\000n\000t\000a\000t\000i\000o\000n}{chapter.5}% 72
\BOOKMARK [1][-]{section.5.10}{\376\377\000C\000o\000d\000e\000\040\000O\000r\000g\000a\000n\000i\000z\000a\000t\000i\000o\000n}{chapter.5}% 73
\BOOKMARK [1][-]{section.5.11}{\376\377\000I\000m\000p\000l\000e\000m\000e\000n\000t\000a\000t\000i\000o\000n\000\040\000C\000h\000a\000l\000l\000e\000n\000g\000e\000s}{chapter.5}% 74
\BOOKMARK [0][-]{chapter.6}{\376\377\000E\000X\000P\000E\000R\000I\000M\000E\000N\000T\000S\000\040\000A\000N\000D\000\040\000V\000A\000L\000I\000D\000A\000T\000I\000O\000N}{}% 75
\BOOKMARK [1][-]{section.6.1}{\376\377\000E\000x\000p\000e\000r\000i\000m\000e\000n\000t\000a\000l\000\040\000S\000c\000o\000p\000e}{chapter.6}% 76
\BOOKMARK [1][-]{section.6.2}{\376\377\000D\000a\000t\000a\000s\000e\000t\000\040\000V\000a\000l\000i\000d\000a\000t\000i\000o\000n}{chapter.6}% 77
\BOOKMARK [1][-]{section.6.3}{\376\377\000Y\000O\000L\000O\000\040\000T\000r\000a\000i\000n\000i\000n\000g\000\040\000a\000n\000d\000\040\000D\000e\000t\000e\000c\000t\000o\000r\000\040\000E\000v\000a\000l\000u\000a\000t\000i\000o\000n}{chapter.6}% 78
\BOOKMARK [1][-]{section.6.4}{\376\377\000C\000l\000a\000s\000s\000\040\000V\000e\000r\000i\000f\000i\000c\000a\000t\000i\000o\000n\000\040\000E\000x\000p\000e\000r\000i\000m\000e\000n\000t}{chapter.6}% 79
\BOOKMARK [1][-]{section.6.5}{\376\377\000N\000u\000t\000r\000i\000t\000i\000o\000n\000\040\000D\000a\000t\000a\000b\000a\000s\000e\000\040\000V\000a\000l\000i\000d\000a\000t\000i\000o\000n}{chapter.6}% 80
\BOOKMARK [1][-]{section.6.6}{\376\377\000N\000u\000t\000r\000i\000t\000i\000o\000n\000\040\000M\000a\000p\000p\000i\000n\000g\000\040\000C\000o\000v\000e\000r\000a\000g\000e\000\040\000E\000x\000p\000e\000r\000i\000m\000e\000n\000t}{chapter.6}% 81
\BOOKMARK [1][-]{section.6.7}{\376\377\000S\000e\000r\000v\000i\000c\000e\000\040\000L\000o\000o\000k\000u\000p\000\040\000V\000a\000l\000i\000d\000a\000t\000i\000o\000n}{chapter.6}% 82
\BOOKMARK [1][-]{section.6.8}{\376\377\000B\000a\000c\000k\000e\000n\000d\000\040\000A\000P\000I\000\040\000V\000a\000l\000i\000d\000a\000t\000i\000o\000n}{chapter.6}% 83
\BOOKMARK [1][-]{section.6.9}{\376\377\000F\000r\000o\000n\000t\000e\000n\000d\000\040\000W\000o\000r\000k\000f\000l\000o\000w\000\040\000V\000a\000l\000i\000d\000a\000t\000i\000o\000n}{chapter.6}% 84
\BOOKMARK [1][-]{section.6.10}{\376\377\000M\000a\000c\000r\000o\000\040\000C\000a\000l\000c\000u\000l\000a\000t\000i\000o\000n\000\040\000V\000a\000l\000i\000d\000a\000t\000i\000o\000n}{chapter.6}% 85
\BOOKMARK [1][-]{section.6.11}{\376\377\000E\000x\000p\000e\000r\000i\000m\000e\000n\000t\000a\000l\000\040\000F\000i\000n\000d\000i\000n\000g\000s}{chapter.6}% 86
\BOOKMARK [0][-]{chapter.7}{\376\377\000R\000E\000S\000U\000L\000T\000S}{}% 87
\BOOKMARK [1][-]{section.7.1}{\376\377\000D\000a\000t\000a\000s\000e\000t\000\040\000E\000n\000g\000i\000n\000e\000e\000r\000i\000n\000g\000\040\000R\000e\000s\000u\000l\000t\000s}{chapter.7}% 88
\BOOKMARK [1][-]{section.7.2}{\376\377\000D\000e\000t\000e\000c\000t\000o\000r\000\040\000T\000r\000a\000i\000n\000i\000n\000g\000\040\000R\000e\000s\000u\000l\000t\000s}{chapter.7}% 89
\BOOKMARK [1][-]{section.7.3}{\376\377\000N\000u\000t\000r\000i\000t\000i\000o\000n\000\040\000M\000a\000p\000p\000i\000n\000g\000\040\000R\000e\000s\000u\000l\000t\000s}{chapter.7}% 90
\BOOKMARK [1][-]{section.7.4}{\376\377\000A\000p\000p\000l\000i\000c\000a\000t\000i\000o\000n\000\040\000R\000e\000s\000u\000l\000t\000s}{chapter.7}% 91
\BOOKMARK [1][-]{section.7.5}{\376\377\000M\000a\000c\000r\000o\000\040\000a\000n\000d\000\040\000R\000e\000c\000o\000m\000m\000e\000n\000d\000a\000t\000i\000o\000n\000\040\000R\000e\000s\000u\000l\000t\000s}{chapter.7}% 92
\BOOKMARK [1][-]{section.7.6}{\376\377\000R\000e\000s\000u\000l\000t\000\040\000S\000y\000n\000t\000h\000e\000s\000i\000s}{chapter.7}% 93
\BOOKMARK [0][-]{chapter.8}{\376\377\000D\000I\000S\000C\000U\000S\000S\000I\000O\000N}{}% 94
\BOOKMARK [1][-]{section.8.1}{\376\377\000I\000n\000t\000e\000r\000p\000r\000e\000t\000a\000t\000i\000o\000n\000\040\000o\000f\000\040\000R\000e\000s\000u\000l\000t\000s}{chapter.8}% 95
\BOOKMARK [1][-]{section.8.2}{\376\377\000S\000t\000r\000e\000n\000g\000t\000h\000s\000\040\000o\000f\000\040\000t\000h\000e\000\040\000S\000y\000s\000t\000e\000m}{chapter.8}% 96
\BOOKMARK [1][-]{section.8.3}{\376\377\000L\000i\000m\000i\000t\000a\000t\000i\000o\000n\000s}{chapter.8}% 97
\BOOKMARK [1][-]{section.8.4}{\376\377\000E\000t\000h\000i\000c\000a\000l\000\040\000a\000n\000d\000\040\000P\000r\000a\000c\000t\000i\000c\000a\000l\000\040\000C\000o\000n\000s\000i\000d\000e\000r\000a\000t\000i\000o\000n\000s}{chapter.8}% 98
\BOOKMARK [1][-]{section.8.5}{\376\377\000W\000h\000y\000\040\000S\000u\000p\000p\000l\000e\000m\000e\000n\000t\000a\000l\000\040\000R\000o\000w\000s\000\040\000W\000e\000r\000e\000\040\000A\000d\000d\000e\000d}{chapter.8}% 99
\BOOKMARK [1][-]{section.8.6}{\376\377\000L\000e\000s\000s\000o\000n\000s\000\040\000L\000e\000a\000r\000n\000e\000d}{chapter.8}% 100
\BOOKMARK [0][-]{chapter.9}{\376\377\000C\000O\000N\000C\000L\000U\000S\000I\000O\000N}{}% 101
\BOOKMARK [0][-]{chapter.10}{\376\377\000F\000U\000T\000U\000R\000E\000\040\000W\000O\000R\000K}{}% 102
\BOOKMARK [1][-]{section.10.1}{\376\377\000S\000e\000l\000f\000-\000T\000r\000a\000i\000n\000e\000d\000\040\000R\000e\000c\000o\000m\000m\000e\000n\000d\000a\000t\000i\000o\000n\000\040\000M\000o\000d\000e\000l}{chapter.10}% 103
\BOOKMARK [1][-]{section.10.2}{\376\377\000P\000o\000r\000t\000i\000o\000n\000\040\000S\000i\000z\000e\000\040\000E\000s\000t\000i\000m\000a\000t\000i\000o\000n}{chapter.10}% 104
\BOOKMARK [1][-]{section.10.3}{\376\377\000M\000o\000b\000i\000l\000e\000\040\000D\000e\000p\000l\000o\000y\000m\000e\000n\000t}{chapter.10}% 105
\BOOKMARK [1][-]{section.10.4}{\376\377\000P\000e\000r\000s\000o\000n\000a\000l\000i\000z\000e\000d\000\040\000L\000o\000n\000g\000-\000T\000e\000r\000m\000\040\000T\000r\000a\000c\000k\000i\000n\000g}{chapter.10}% 106
\BOOKMARK [1][-]{section.10.5}{\376\377\000C\000l\000i\000n\000i\000c\000a\000l\000\040\000S\000a\000f\000e\000t\000y\000\040\000a\000n\000d\000\040\000E\000x\000p\000l\000a\000i\000n\000a\000b\000i\000l\000i\000t\000y}{chapter.10}% 107
\BOOKMARK [0][-]{appendix.A}{\376\377\000D\000A\000T\000A\000S\000E\000T\000\040\000C\000L\000A\000S\000S\000E\000S\000\040\000A\000N\000D\000\040\000N\000U\000T\000R\000I\000T\000I\000O\000N\000\040\000M\000A\000P\000P\000I\000N\000G\000S}{}% 108
\BOOKMARK [1][-]{section.A.1}{\376\377\000E\000x\000p\000a\000n\000d\000e\000d\000\040\000D\000a\000t\000a\000s\000e\000t\000\040\000C\000l\000a\000s\000s\000\040\000L\000i\000s\000t}{appendix.A}% 109
\BOOKMARK [1][-]{section.A.2}{\376\377\000C\000l\000a\000s\000s\000-\000t\000o\000-\000I\000N\000D\000B\000\040\000M\000a\000p\000p\000i\000n\000g\000\040\000T\000a\000b\000l\000e}{appendix.A}% 110
\BOOKMARK [1][-]{section.A.3}{\376\377\000K\000n\000o\000w\000n\000\040\000A\000n\000n\000o\000t\000a\000t\000i\000o\000n\000\040\000I\000s\000s\000u\000e\000s}{appendix.A}% 111
\BOOKMARK [1][-]{section.A.4}{\376\377\000V\000i\000s\000u\000a\000l\000\040\000V\000e\000r\000i\000f\000i\000c\000a\000t\000i\000o\000n\000\040\000S\000h\000e\000e\000t\000\040\000S\000e\000t}{appendix.A}% 112
\BOOKMARK [1][-]{section.A.5}{\376\377\000P\000e\000r\000-\000C\000l\000a\000s\000s\000\040\000D\000a\000t\000a\000s\000e\000t\000\040\000C\000o\000u\000n\000t\000s}{appendix.A}% 113
\BOOKMARK [0][-]{appendix.B}{\376\377\000A\000P\000I\000\040\000R\000E\000S\000P\000O\000N\000S\000E\000\040\000E\000X\000A\000M\000P\000L\000E\000S}{}% 114
\BOOKMARK [1][-]{section.B.1}{\376\377\000A\000n\000a\000l\000y\000z\000e\000\040\000F\000o\000o\000d\000\040\000R\000e\000s\000p\000o\000n\000s\000e}{appendix.B}% 115
\BOOKMARK [1][-]{section.B.2}{\376\377\000M\000a\000c\000r\000o\000\040\000C\000a\000l\000c\000u\000l\000a\000t\000i\000o\000n\000\040\000R\000e\000q\000u\000e\000s\000t}{appendix.B}% 116
\BOOKMARK [1][-]{section.B.3}{\376\377\000M\000a\000c\000r\000o\000\040\000C\000a\000l\000c\000u\000l\000a\000t\000i\000o\000n\000\040\000R\000e\000s\000p\000o\000n\000s\000e}{appendix.B}% 117
\BOOKMARK [1][-]{section.B.4}{\376\377\000N\000o\000\040\000F\000o\000o\000d\000\040\000R\000e\000s\000p\000o\000n\000s\000e}{appendix.B}% 118
\BOOKMARK [1][-]{section.B.5}{\376\377\000M\000a\000c\000r\000o\000\040\000T\000a\000r\000g\000e\000t\000\040\000R\000e\000f\000e\000r\000e\000n\000c\000e\000\040\000T\000a\000b\000l\000e\000s}{appendix.B}% 119
